// Jest Snapshot v1, https://goo.gl/fbAQLP

exports[`renders landingpage unchanged 1`] = `
<div
  className="container"
>
  <main
    className="app__container"
  >
    <nav
      className="navigation__container"
    >
      <div
        className="navigation__list"
      >
        <span
          className="navigation__item   navigation__itemlogo"
        >
          <img
            alt="idealo.de Logo"
            className="navigation__logo"
            height="50px"
            src="/___mocks__/image-mock.png"
            width="100px"
          />
        </span>
        <a
          aria-label="Jobs at idealo"
          className="navigation__item"
          href="https://jobs.idealo.de"
          rel="noreferrer"
          target="_blank"
        >
          Jobs
        </a>
      </div>
    </nav>
  </main>
</div>
`;
