// Jest Snapshot v1, https://goo.gl/fbAQLP

exports[`Socials component should render as expected 1`] = `
<p
  className="socials__container undefined"
>
  <a
    className="socials__item"
    href="https://twitter.com/idealoTech"
  >
    <span
      aria-hidden={true}
      className="fa fa-twitter"
    />
  </a>
  <a
    className="socials__item"
    href="https://medium.com/idealo-tech-blog"
  >
    <span
      aria-hidden={true}
      className="fa fa-medium"
    />
  </a>
  <a
    className="socials__item"
    href="https://www.linkedin.com/company/idealo-internet-gmbh/"
  >
    <span
      aria-hidden={true}
      className="fa fa-linkedin"
    />
  </a>
  <a
    className="socials__item"
    href="https://www.instagram.com/idealo/"
  >
    <span
      aria-hidden={true}
      className="fa fa-instagram"
    />
  </a>
  <a
    className="socials__item"
    href="https://www.facebook.com/idealoDE/"
  >
    <span
      aria-hidden={true}
      className="fa fa-facebook"
    />
  </a>
</p>
`;
